[0.015s][info][gc] Using Serial
[4.912s][info][gc] GC(0) Pause Young (Allocation Failure) 4M->1M(15M) 5.829ms
[5.065s][info][gc] GC(1) Pause Young (Allocation Failure) 6M->2M(15M) 4.131ms
[5.357s][info][gc] GC(2) Pause Young (Allocation Failure) 6M->3M(15M) 8.584ms
[5.555s][info][gc] GC(3) Pause Young (Allocation Failure) 7M->3M(15M) 4.558ms
[11.747s][info][gc] GC(4) Pause Young (Allocation Failure) 8M->4M(15M) 5.042ms
[19.356s][info][gc] GC(5) Pause Young (Allocation Failure) 8M->4M(15M) 3.451ms
[19.371s][info][gc] GC(6) Pause Young (Allocation Failure) 8M->4M(15M) 0.778ms
[19.390s][info][gc] GC(7) Pause Young (Allocation Failure) 8M->4M(15M) 0.757ms
[19.409s][info][gc] GC(8) Pause Young (Allocation Failure) 8M->4M(15M) 0.715ms
[19.433s][info][gc] GC(9) Pause Young (Allocation Failure) 8M->4M(15M) 0.908ms
[19.442s][info][gc] GC(10) Pause Young (Allocation Failure) 8M->4M(15M) 0.762ms
[19.451s][info][gc] GC(11) Pause Young (Allocation Failure) 8M->4M(15M) 0.879ms
[19.459s][info][gc] GC(12) Pause Young (Allocation Failure) 8M->4M(15M) 0.712ms
[19.468s][info][gc] GC(13) Pause Young (Allocation Failure) 8M->4M(15M) 0.638ms
[19.475s][info][gc] GC(14) Pause Young (Allocation Failure) 8M->4M(15M) 0.731ms
[19.482s][info][gc] GC(15) Pause Young (Allocation Failure) 8M->4M(15M) 0.795ms
[19.489s][info][gc] GC(16) Pause Young (Allocation Failure) 8M->4M(15M) 0.763ms
[19.496s][info][gc] GC(17) Pause Young (Allocation Failure) 8M->4M(15M) 0.740ms
[19.505s][info][gc] GC(18) Pause Young (Allocation Failure) 8M->4M(15M) 0.874ms
[19.514s][info][gc] GC(19) Pause Young (Allocation Failure) 8M->4M(15M) 0.795ms
[19.523s][info][gc] GC(20) Pause Young (Allocation Failure) 8M->4M(15M) 0.921ms
[19.533s][info][gc] GC(21) Pause Young (Allocation Failure) 8M->4M(15M) 1.307ms
[19.547s][info][gc] GC(22) Pause Young (Allocation Failure) 8M->4M(15M) 1.047ms
[19.552s][info][gc] GC(23) Pause Young (Allocation Failure) 8M->4M(15M) 0.904ms
[19.557s][info][gc] GC(24) Pause Young (Allocation Failure) 8M->4M(15M) 0.836ms
[19.567s][info][gc] GC(25) Pause Young (Allocation Failure) 8M->4M(15M) 0.951ms
[19.572s][info][gc] GC(26) Pause Young (Allocation Failure) 8M->4M(15M) 0.629ms
[19.576s][info][gc] GC(27) Pause Young (Allocation Failure) 8M->4M(15M) 0.389ms
[19.584s][info][gc] GC(28) Pause Young (Allocation Failure) 8M->4M(15M) 0.868ms
[19.589s][info][gc] GC(29) Pause Young (Allocation Failure) 8M->4M(15M) 0.460ms
[19.593s][info][gc] GC(30) Pause Young (Allocation Failure) 8M->4M(15M) 0.420ms
[19.598s][info][gc] GC(31) Pause Young (Allocation Failure) 8M->4M(15M) 0.418ms
[19.603s][info][gc] GC(32) Pause Young (Allocation Failure) 8M->4M(15M) 0.421ms
[19.608s][info][gc] GC(33) Pause Young (Allocation Failure) 8M->4M(15M) 0.539ms
[19.613s][info][gc] GC(34) Pause Young (Allocation Failure) 8M->4M(15M) 0.529ms
[19.618s][info][gc] GC(35) Pause Young (Allocation Failure) 8M->4M(15M) 0.599ms
[19.622s][info][gc] GC(36) Pause Young (Allocation Failure) 8M->4M(15M) 0.508ms
[19.627s][info][gc] GC(37) Pause Young (Allocation Failure) 8M->4M(15M) 0.497ms
[19.631s][info][gc] GC(38) Pause Young (Allocation Failure) 8M->4M(15M) 0.647ms
[19.634s][info][gc] GC(39) Pause Young (Allocation Failure) 8M->4M(15M) 0.487ms
[19.639s][info][gc] GC(40) Pause Young (Allocation Failure) 8M->4M(15M) 0.433ms
[19.644s][info][gc] GC(41) Pause Young (Allocation Failure) 8M->4M(15M) 0.472ms
[19.649s][info][gc] GC(42) Pause Young (Allocation Failure) 8M->4M(15M) 0.492ms
[19.654s][info][gc] GC(43) Pause Young (Allocation Failure) 8M->4M(15M) 0.421ms
[19.659s][info][gc] GC(44) Pause Young (Allocation Failure) 8M->4M(15M) 0.371ms
[19.664s][info][gc] GC(45) Pause Young (Allocation Failure) 8M->4M(15M) 0.398ms
[19.668s][info][gc] GC(46) Pause Young (Allocation Failure) 8M->4M(15M) 0.428ms
[19.673s][info][gc] GC(47) Pause Young (Allocation Failure) 8M->4M(15M) 0.385ms
[19.678s][info][gc] GC(48) Pause Young (Allocation Failure) 8M->4M(15M) 0.424ms
[19.683s][info][gc] GC(49) Pause Young (Allocation Failure) 8M->4M(15M) 0.393ms
[19.687s][info][gc] GC(50) Pause Young (Allocation Failure) 8M->4M(15M) 0.422ms
[19.692s][info][gc] GC(51) Pause Young (Allocation Failure) 8M->4M(15M) 0.395ms
[19.698s][info][gc] GC(52) Pause Young (Allocation Failure) 8M->4M(15M) 0.449ms
[19.702s][info][gc] GC(53) Pause Young (Allocation Failure) 8M->4M(15M) 0.562ms
[19.708s][info][gc] GC(54) Pause Young (Allocation Failure) 8M->4M(15M) 0.627ms
[19.713s][info][gc] GC(55) Pause Young (Allocation Failure) 8M->4M(15M) 0.579ms
[19.718s][info][gc] GC(56) Pause Young (Allocation Failure) 8M->4M(15M) 0.600ms
[19.723s][info][gc] GC(57) Pause Young (Allocation Failure) 8M->4M(15M) 0.740ms
[19.728s][info][gc] GC(58) Pause Young (Allocation Failure) 8M->4M(15M) 0.887ms
[19.734s][info][gc] GC(59) Pause Young (Allocation Failure) 8M->4M(15M) 0.455ms
[19.743s][info][gc] GC(60) Pause Young (Allocation Failure) 8M->4M(15M) 1.920ms
[19.747s][info][gc] GC(61) Pause Young (Allocation Failure) 8M->4M(15M) 0.704ms
[19.753s][info][gc] GC(62) Pause Young (Allocation Failure) 8M->4M(15M) 0.673ms
[19.758s][info][gc] GC(63) Pause Young (Allocation Failure) 8M->4M(15M) 0.599ms
[19.763s][info][gc] GC(64) Pause Young (Allocation Failure) 8M->4M(15M) 0.586ms
[19.768s][info][gc] GC(65) Pause Young (Allocation Failure) 8M->4M(15M) 0.579ms
[19.773s][info][gc] GC(66) Pause Young (Allocation Failure) 8M->4M(15M) 0.643ms
[19.778s][info][gc] GC(67) Pause Young (Allocation Failure) 8M->4M(15M) 0.575ms
[19.784s][info][gc] GC(68) Pause Young (Allocation Failure) 8M->4M(15M) 0.588ms
[19.790s][info][gc] GC(69) Pause Young (Allocation Failure) 8M->4M(15M) 0.929ms
[19.794s][info][gc] GC(70) Pause Young (Allocation Failure) 8M->4M(15M) 0.720ms
[19.797s][info][gc] GC(71) Pause Young (Allocation Failure) 8M->4M(15M) 0.999ms
[19.803s][info][gc] GC(72) Pause Young (Allocation Failure) 8M->4M(15M) 0.750ms
[19.808s][info][gc] GC(73) Pause Young (Allocation Failure) 8M->4M(15M) 0.601ms
[19.813s][info][gc] GC(74) Pause Young (Allocation Failure) 8M->4M(15M) 0.611ms
[19.818s][info][gc] GC(75) Pause Young (Allocation Failure) 8M->4M(15M) 0.754ms
[19.822s][info][gc] GC(76) Pause Young (Allocation Failure) 8M->4M(15M) 0.639ms
[19.828s][info][gc] GC(77) Pause Young (Allocation Failure) 8M->4M(15M) 1.020ms
[19.833s][info][gc] GC(78) Pause Young (Allocation Failure) 8M->4M(15M) 0.816ms
[19.840s][info][gc] GC(79) Pause Young (Allocation Failure) 8M->4M(15M) 1.079ms
[19.846s][info][gc] GC(80) Pause Young (Allocation Failure) 8M->4M(15M) 0.896ms
[19.852s][info][gc] GC(81) Pause Young (Allocation Failure) 8M->4M(15M) 0.945ms
[19.857s][info][gc] GC(82) Pause Young (Allocation Failure) 8M->4M(15M) 1.114ms
[19.862s][info][gc] GC(83) Pause Young (Allocation Failure) 8M->4M(15M) 1.607ms
[19.867s][info][gc] GC(84) Pause Young (Allocation Failure) 8M->4M(15M) 1.172ms
[19.872s][info][gc] GC(85) Pause Young (Allocation Failure) 8M->4M(15M) 1.185ms
[19.878s][info][gc] GC(86) Pause Young (Allocation Failure) 8M->4M(15M) 1.162ms
[19.883s][info][gc] GC(87) Pause Young (Allocation Failure) 8M->4M(15M) 1.471ms
[19.889s][info][gc] GC(88) Pause Young (Allocation Failure) 8M->4M(15M) 1.992ms
[19.895s][info][gc] GC(89) Pause Young (Allocation Failure) 8M->4M(15M) 1.697ms
[19.901s][info][gc] GC(90) Pause Young (Allocation Failure) 8M->4M(15M) 1.546ms
[19.907s][info][gc] GC(91) Pause Young (Allocation Failure) 8M->4M(15M) 1.497ms
[19.913s][info][gc] GC(92) Pause Young (Allocation Failure) 8M->4M(15M) 1.595ms
[19.919s][info][gc] GC(93) Pause Young (Allocation Failure) 8M->4M(15M) 1.236ms
[19.924s][info][gc] GC(94) Pause Young (Allocation Failure) 8M->4M(15M) 1.103ms
[19.929s][info][gc] GC(95) Pause Young (Allocation Failure) 8M->4M(15M) 1.071ms
[19.934s][info][gc] GC(96) Pause Young (Allocation Failure) 8M->4M(15M) 1.033ms
[19.940s][info][gc] GC(97) Pause Young (Allocation Failure) 8M->4M(15M) 1.400ms
[19.946s][info][gc] GC(98) Pause Young (Allocation Failure) 8M->4M(15M) 1.491ms
[19.952s][info][gc] GC(99) Pause Young (Allocation Failure) 8M->4M(15M) 0.935ms
[19.956s][info][gc] GC(100) Pause Young (Allocation Failure) 8M->4M(15M) 1.142ms
[19.962s][info][gc] GC(101) Pause Young (Allocation Failure) 8M->4M(15M) 1.635ms
[19.969s][info][gc] GC(102) Pause Young (Allocation Failure) 8M->4M(15M) 0.908ms
[19.977s][info][gc] GC(103) Pause Young (Allocation Failure) 8M->4M(15M) 0.868ms
[19.985s][info][gc] GC(104) Pause Young (Allocation Failure) 8M->4M(15M) 0.822ms
[19.989s][info][gc] GC(105) Pause Young (Allocation Failure) 8M->4M(15M) 0.862ms
[19.993s][info][gc] GC(106) Pause Young (Allocation Failure) 8M->4M(15M) 1.011ms
[19.998s][info][gc] GC(107) Pause Young (Allocation Failure) 8M->4M(15M) 1.025ms
[20.003s][info][gc] GC(108) Pause Young (Allocation Failure) 8M->4M(15M) 0.885ms
[20.007s][info][gc] GC(109) Pause Young (Allocation Failure) 8M->4M(15M) 0.723ms
[20.010s][info][gc] GC(110) Pause Young (Allocation Failure) 8M->4M(15M) 0.734ms
[20.014s][info][gc] GC(111) Pause Young (Allocation Failure) 8M->4M(15M) 0.669ms
[20.017s][info][gc] GC(112) Pause Young (Allocation Failure) 8M->4M(15M) 0.583ms
[20.020s][info][gc] GC(113) Pause Young (Allocation Failure) 8M->4M(15M) 0.595ms
[20.025s][info][gc] GC(114) Pause Young (Allocation Failure) 8M->4M(15M) 0.621ms
[20.028s][info][gc] GC(115) Pause Young (Allocation Failure) 8M->4M(15M) 0.639ms
[20.031s][info][gc] GC(116) Pause Young (Allocation Failure) 8M->4M(15M) 0.660ms
[20.035s][info][gc] GC(117) Pause Young (Allocation Failure) 8M->4M(15M) 0.561ms
[20.038s][info][gc] GC(118) Pause Young (Allocation Failure) 8M->4M(15M) 0.559ms
[20.041s][info][gc] GC(119) Pause Young (Allocation Failure) 8M->4M(15M) 0.380ms
[20.045s][info][gc] GC(120) Pause Young (Allocation Failure) 8M->4M(15M) 0.637ms
[20.048s][info][gc] GC(121) Pause Young (Allocation Failure) 8M->4M(15M) 0.636ms
[20.052s][info][gc] GC(122) Pause Young (Allocation Failure) 8M->4M(15M) 0.679ms
[20.055s][info][gc] GC(123) Pause Young (Allocation Failure) 8M->4M(15M) 0.596ms
[20.058s][info][gc] GC(124) Pause Young (Allocation Failure) 8M->4M(15M) 0.559ms
[20.063s][info][gc] GC(125) Pause Young (Allocation Failure) 8M->4M(15M) 0.634ms
[20.068s][info][gc] GC(126) Pause Young (Allocation Failure) 8M->4M(15M) 0.774ms
[20.071s][info][gc] GC(127) Pause Young (Allocation Failure) 8M->4M(15M) 0.591ms
[20.075s][info][gc] GC(128) Pause Young (Allocation Failure) 8M->4M(15M) 0.551ms
[20.078s][info][gc] GC(129) Pause Young (Allocation Failure) 8M->4M(15M) 0.319ms
[20.082s][info][gc] GC(130) Pause Young (Allocation Failure) 8M->4M(15M) 0.346ms
[20.085s][info][gc] GC(131) Pause Young (Allocation Failure) 8M->4M(15M) 0.414ms
[20.089s][info][gc] GC(132) Pause Young (Allocation Failure) 8M->4M(15M) 0.445ms
[20.093s][info][gc] GC(133) Pause Young (Allocation Failure) 8M->4M(15M) 0.469ms
[20.096s][info][gc] GC(134) Pause Young (Allocation Failure) 8M->4M(15M) 0.486ms
[20.100s][info][gc] GC(135) Pause Young (Allocation Failure) 8M->4M(15M) 0.456ms
[20.103s][info][gc] GC(136) Pause Young (Allocation Failure) 8M->4M(15M) 0.438ms
[20.107s][info][gc] GC(137) Pause Young (Allocation Failure) 9M->4M(15M) 0.393ms
[20.110s][info][gc] GC(138) Pause Young (Allocation Failure) 9M->4M(15M) 0.375ms
[20.114s][info][gc] GC(139) Pause Young (Allocation Failure) 9M->4M(15M) 0.352ms
[20.117s][info][gc] GC(140) Pause Young (Allocation Failure) 9M->4M(15M) 0.356ms
[20.121s][info][gc] GC(141) Pause Young (Allocation Failure) 9M->4M(15M) 0.416ms
[20.125s][info][gc] GC(142) Pause Young (Allocation Failure) 9M->4M(15M) 0.430ms
[20.129s][info][gc] GC(143) Pause Young (Allocation Failure) 9M->4M(15M) 0.812ms
[20.133s][info][gc] GC(144) Pause Young (Allocation Failure) 9M->4M(15M) 0.748ms
[20.138s][info][gc] GC(145) Pause Young (Allocation Failure) 9M->4M(15M) 0.916ms
[20.143s][info][gc] GC(146) Pause Young (Allocation Failure) 9M->4M(15M) 1.453ms
[20.148s][info][gc] GC(147) Pause Young (Allocation Failure) 9M->4M(15M) 1.034ms
[20.153s][info][gc] GC(148) Pause Young (Allocation Failure) 9M->4M(15M) 1.553ms
[20.157s][info][gc] GC(149) Pause Young (Allocation Failure) 9M->4M(15M) 0.493ms
[20.161s][info][gc] GC(150) Pause Young (Allocation Failure) 9M->4M(15M) 1.290ms
[20.165s][info][gc] GC(151) Pause Young (Allocation Failure) 9M->4M(15M) 0.854ms
[20.169s][info][gc] GC(152) Pause Young (Allocation Failure) 9M->4M(15M) 1.249ms
[20.172s][info][gc] GC(153) Pause Young (Allocation Failure) 9M->4M(15M) 0.472ms
[20.177s][info][gc] GC(154) Pause Young (Allocation Failure) 9M->4M(15M) 0.744ms
[20.183s][info][gc] GC(155) Pause Young (Allocation Failure) 9M->4M(15M) 0.674ms
[20.187s][info][gc] GC(156) Pause Young (Allocation Failure) 9M->4M(15M) 0.583ms
[20.190s][info][gc] GC(157) Pause Young (Allocation Failure) 9M->4M(15M) 0.472ms
[20.194s][info][gc] GC(158) Pause Young (Allocation Failure) 9M->4M(15M) 0.709ms
[20.199s][info][gc] GC(159) Pause Young (Allocation Failure) 9M->4M(15M) 0.706ms
[20.205s][info][gc] GC(160) Pause Young (Allocation Failure) 9M->4M(15M) 1.006ms
[20.210s][info][gc] GC(161) Pause Young (Allocation Failure) 9M->4M(15M) 1.089ms
[20.214s][info][gc] GC(162) Pause Young (Allocation Failure) 9M->4M(15M) 0.900ms
[20.219s][info][gc] GC(163) Pause Young (Allocation Failure) 9M->4M(15M) 0.839ms
[20.223s][info][gc] GC(164) Pause Young (Allocation Failure) 9M->4M(15M) 0.845ms
[20.226s][info][gc] GC(165) Pause Young (Allocation Failure) 9M->4M(15M) 0.586ms
[20.230s][info][gc] GC(166) Pause Young (Allocation Failure) 8M->4M(15M) 0.817ms
[20.234s][info][gc] GC(167) Pause Young (Allocation Failure) 9M->4M(15M) 0.594ms
[20.239s][info][gc] GC(168) Pause Young (Allocation Failure) 9M->4M(15M) 0.462ms
[20.245s][info][gc] GC(169) Pause Young (Allocation Failure) 8M->4M(15M) 0.885ms
[20.249s][info][gc] GC(170) Pause Young (Allocation Failure) 9M->4M(15M) 0.560ms
[20.254s][info][gc] GC(171) Pause Young (Allocation Failure) 9M->4M(15M) 1.006ms
[20.258s][info][gc] GC(172) Pause Young (Allocation Failure) 9M->4M(15M) 0.538ms
[20.262s][info][gc] GC(173) Pause Young (Allocation Failure) 9M->4M(15M) 0.456ms
[20.266s][info][gc] GC(174) Pause Young (Allocation Failure) 8M->4M(15M) 0.768ms
[20.270s][info][gc] GC(175) Pause Young (Allocation Failure) 9M->4M(15M) 0.577ms
[20.275s][info][gc] GC(176) Pause Young (Allocation Failure) 9M->4M(15M) 0.831ms
[20.280s][info][gc] GC(177) Pause Young (Allocation Failure) 9M->4M(15M) 0.661ms
[20.284s][info][gc] GC(178) Pause Young (Allocation Failure) 9M->4M(15M) 0.636ms
[20.288s][info][gc] GC(179) Pause Young (Allocation Failure) 9M->4M(15M) 0.611ms
[20.292s][info][gc] GC(180) Pause Young (Allocation Failure) 9M->4M(15M) 0.928ms
[20.296s][info][gc] GC(181) Pause Young (Allocation Failure) 9M->4M(15M) 0.601ms
[20.300s][info][gc] GC(182) Pause Young (Allocation Failure) 9M->4M(15M) 0.559ms
[20.304s][info][gc] GC(183) Pause Young (Allocation Failure) 9M->4M(15M) 0.582ms
[20.308s][info][gc] GC(184) Pause Young (Allocation Failure) 9M->4M(15M) 0.626ms
[20.312s][info][gc] GC(185) Pause Young (Allocation Failure) 9M->4M(15M) 0.545ms
[20.316s][info][gc] GC(186) Pause Young (Allocation Failure) 9M->4M(15M) 0.713ms
[20.320s][info][gc] GC(187) Pause Young (Allocation Failure) 9M->4M(15M) 0.600ms
[20.324s][info][gc] GC(188) Pause Young (Allocation Failure) 9M->4M(15M) 0.599ms
[20.327s][info][gc] GC(189) Pause Young (Allocation Failure) 9M->4M(15M) 0.511ms
[20.331s][info][gc] GC(190) Pause Young (Allocation Failure) 9M->4M(15M) 0.651ms
[20.336s][info][gc] GC(191) Pause Young (Allocation Failure) 9M->4M(15M) 1.107ms
[20.340s][info][gc] GC(192) Pause Young (Allocation Failure) 9M->4M(15M) 0.586ms
[20.344s][info][gc] GC(193) Pause Young (Allocation Failure) 9M->4M(15M) 0.618ms
[20.347s][info][gc] GC(194) Pause Young (Allocation Failure) 9M->4M(15M) 0.681ms
[20.351s][info][gc] GC(195) Pause Young (Allocation Failure) 9M->4M(15M) 0.508ms
[20.355s][info][gc] GC(196) Pause Young (Allocation Failure) 9M->4M(15M) 0.580ms
[20.359s][info][gc] GC(197) Pause Young (Allocation Failure) 9M->4M(15M) 0.585ms
[20.362s][info][gc] GC(198) Pause Young (Allocation Failure) 9M->4M(15M) 0.570ms
[20.366s][info][gc] GC(199) Pause Young (Allocation Failure) 9M->4M(15M) 0.696ms
[20.370s][info][gc] GC(200) Pause Young (Allocation Failure) 9M->4M(15M) 0.570ms
[20.374s][info][gc] GC(201) Pause Young (Allocation Failure) 9M->4M(15M) 0.587ms
[20.378s][info][gc] GC(202) Pause Young (Allocation Failure) 9M->4M(15M) 0.572ms
[20.382s][info][gc] GC(203) Pause Young (Allocation Failure) 9M->4M(15M) 0.558ms
[20.386s][info][gc] GC(204) Pause Young (Allocation Failure) 9M->4M(15M) 0.564ms
[20.390s][info][gc] GC(205) Pause Young (Allocation Failure) 9M->4M(15M) 0.558ms
[20.393s][info][gc] GC(206) Pause Young (Allocation Failure) 9M->4M(15M) 0.551ms
[20.398s][info][gc] GC(207) Pause Young (Allocation Failure) 9M->4M(15M) 0.575ms
[20.402s][info][gc] GC(208) Pause Young (Allocation Failure) 9M->4M(15M) 0.516ms
[20.406s][info][gc] GC(209) Pause Young (Allocation Failure) 9M->4M(15M) 0.568ms
[20.409s][info][gc] GC(210) Pause Young (Allocation Failure) 9M->4M(15M) 0.367ms
[20.413s][info][gc] GC(211) Pause Young (Allocation Failure) 9M->4M(15M) 0.565ms
[20.416s][info][gc] GC(212) Pause Young (Allocation Failure) 9M->4M(15M) 0.497ms
[20.420s][info][gc] GC(213) Pause Young (Allocation Failure) 9M->4M(15M) 0.545ms
[20.424s][info][gc] GC(214) Pause Young (Allocation Failure) 9M->4M(15M) 0.554ms
[20.428s][info][gc] GC(215) Pause Young (Allocation Failure) 9M->4M(15M) 0.683ms
[20.432s][info][gc] GC(216) Pause Young (Allocation Failure) 9M->4M(15M) 0.569ms
[20.435s][info][gc] GC(217) Pause Young (Allocation Failure) 9M->4M(15M) 0.548ms
[20.440s][info][gc] GC(218) Pause Young (Allocation Failure) 9M->4M(15M) 0.628ms
[20.444s][info][gc] GC(219) Pause Young (Allocation Failure) 9M->4M(15M) 0.586ms
[20.447s][info][gc] GC(220) Pause Young (Allocation Failure) 9M->4M(15M) 0.553ms
[20.451s][info][gc] GC(221) Pause Young (Allocation Failure) 9M->4M(15M) 0.465ms
[20.457s][info][gc] GC(222) Pause Young (Allocation Failure) 9M->4M(15M) 0.606ms
[20.463s][info][gc] GC(223) Pause Young (Allocation Failure) 9M->4M(15M) 0.611ms
[20.467s][info][gc] GC(224) Pause Young (Allocation Failure) 9M->4M(15M) 0.338ms
[20.472s][info][gc] GC(225) Pause Young (Allocation Failure) 9M->4M(15M) 0.396ms
[20.478s][info][gc] GC(226) Pause Young (Allocation Failure) 9M->4M(15M) 0.377ms
[20.483s][info][gc] GC(227) Pause Young (Allocation Failure) 9M->4M(15M) 0.464ms
[20.488s][info][gc] GC(228) Pause Young (Allocation Failure) 9M->4M(15M) 0.437ms
[20.495s][info][gc] GC(229) Pause Young (Allocation Failure) 9M->4M(15M) 0.427ms
[20.500s][info][gc] GC(230) Pause Young (Allocation Failure) 9M->4M(15M) 0.637ms
[20.505s][info][gc] GC(231) Pause Young (Allocation Failure) 9M->4M(15M) 0.597ms
[20.511s][info][gc] GC(232) Pause Young (Allocation Failure) 9M->4M(15M) 0.492ms
[20.516s][info][gc] GC(233) Pause Young (Allocation Failure) 9M->4M(15M) 0.532ms
[20.522s][info][gc] GC(234) Pause Young (Allocation Failure) 9M->4M(15M) 0.544ms
[20.526s][info][gc] GC(235) Pause Young (Allocation Failure) 9M->4M(15M) 0.431ms
[20.530s][info][gc] GC(236) Pause Young (Allocation Failure) 9M->4M(15M) 0.420ms
[20.534s][info][gc] GC(237) Pause Young (Allocation Failure) 9M->4M(15M) 0.405ms
[20.537s][info][gc] GC(238) Pause Young (Allocation Failure) 9M->4M(15M) 0.385ms
[20.541s][info][gc] GC(239) Pause Young (Allocation Failure) 9M->4M(15M) 0.731ms
[20.544s][info][gc] GC(240) Pause Young (Allocation Failure) 9M->4M(15M) 0.656ms
[20.548s][info][gc] GC(241) Pause Young (Allocation Failure) 9M->4M(15M) 0.969ms
[20.553s][info][gc] GC(242) Pause Young (Allocation Failure) 9M->4M(15M) 0.877ms
[20.556s][info][gc] GC(243) Pause Young (Allocation Failure) 9M->4M(15M) 0.710ms
[20.558s][info][gc] GC(244) Pause Young (Allocation Failure) 9M->4M(15M) 0.399ms
[20.560s][info][gc] GC(245) Pause Young (Allocation Failure) 9M->4M(15M) 0.237ms
[20.563s][info][gc] GC(246) Pause Young (Allocation Failure) 9M->4M(15M) 0.617ms
[20.565s][info][gc] GC(247) Pause Young (Allocation Failure) 9M->4M(15M) 0.396ms
[20.568s][info][gc] GC(248) Pause Young (Allocation Failure) 9M->4M(15M) 0.623ms
[20.570s][info][gc] GC(249) Pause Young (Allocation Failure) 9M->4M(15M) 0.558ms
[20.573s][info][gc] GC(250) Pause Young (Allocation Failure) 9M->4M(15M) 0.437ms
[20.575s][info][gc] GC(251) Pause Young (Allocation Failure) 9M->4M(15M) 0.472ms
[20.577s][info][gc] GC(252) Pause Young (Allocation Failure) 9M->4M(15M) 0.473ms
[20.580s][info][gc] GC(253) Pause Young (Allocation Failure) 9M->4M(15M) 0.475ms
[20.582s][info][gc] GC(254) Pause Young (Allocation Failure) 9M->4M(15M) 0.367ms
[20.584s][info][gc] GC(255) Pause Young (Allocation Failure) 9M->4M(15M) 0.317ms
[20.587s][info][gc] GC(256) Pause Young (Allocation Failure) 9M->4M(15M) 0.302ms
[20.589s][info][gc] GC(257) Pause Young (Allocation Failure) 9M->4M(15M) 0.544ms
[20.592s][info][gc] GC(258) Pause Young (Allocation Failure) 9M->4M(15M) 0.373ms
[20.594s][info][gc] GC(259) Pause Young (Allocation Failure) 9M->4M(15M) 0.501ms
[20.596s][info][gc] GC(260) Pause Young (Allocation Failure) 9M->4M(15M) 0.354ms
[20.598s][info][gc] GC(261) Pause Young (Allocation Failure) 9M->4M(15M) 0.361ms
[20.601s][info][gc] GC(262) Pause Young (Allocation Failure) 9M->4M(15M) 0.339ms
[20.603s][info][gc] GC(263) Pause Young (Allocation Failure) 9M->4M(15M) 0.334ms
[20.606s][info][gc] GC(264) Pause Young (Allocation Failure) 9M->4M(15M) 0.339ms
[20.608s][info][gc] GC(265) Pause Young (Allocation Failure) 9M->4M(15M) 0.355ms
[20.611s][info][gc] GC(266) Pause Young (Allocation Failure) 9M->4M(15M) 0.294ms
[20.613s][info][gc] GC(267) Pause Young (Allocation Failure) 9M->4M(15M) 0.275ms
[20.615s][info][gc] GC(268) Pause Young (Allocation Failure) 9M->4M(15M) 0.276ms
[20.617s][info][gc] GC(269) Pause Young (Allocation Failure) 9M->4M(15M) 0.300ms
[20.619s][info][gc] GC(270) Pause Young (Allocation Failure) 9M->4M(15M) 0.292ms
[20.622s][info][gc] GC(271) Pause Young (Allocation Failure) 9M->4M(15M) 0.282ms
[20.624s][info][gc] GC(272) Pause Young (Allocation Failure) 9M->4M(15M) 0.271ms
[20.626s][info][gc] GC(273) Pause Young (Allocation Failure) 9M->4M(15M) 0.211ms
[20.628s][info][gc] GC(274) Pause Young (Allocation Failure) 9M->4M(15M) 0.273ms
[20.630s][info][gc] GC(275) Pause Young (Allocation Failure) 9M->4M(15M) 0.315ms
[20.632s][info][gc] GC(276) Pause Young (Allocation Failure) 9M->4M(15M) 0.325ms
[20.635s][info][gc] GC(277) Pause Young (Allocation Failure) 9M->4M(15M) 0.263ms
[20.637s][info][gc] GC(278) Pause Young (Allocation Failure) 9M->4M(15M) 0.249ms
[20.639s][info][gc] GC(279) Pause Young (Allocation Failure) 9M->4M(15M) 0.281ms
[20.642s][info][gc] GC(280) Pause Young (Allocation Failure) 9M->4M(15M) 0.537ms
[20.645s][info][gc] GC(281) Pause Young (Allocation Failure) 9M->4M(15M) 0.488ms
[20.647s][info][gc] GC(282) Pause Young (Allocation Failure) 9M->4M(15M) 0.479ms
[20.649s][info][gc] GC(283) Pause Young (Allocation Failure) 9M->4M(15M) 0.254ms
[20.652s][info][gc] GC(284) Pause Young (Allocation Failure) 9M->4M(15M) 0.533ms
[20.654s][info][gc] GC(285) Pause Young (Allocation Failure) 9M->4M(15M) 0.472ms
[20.656s][info][gc] GC(286) Pause Young (Allocation Failure) 9M->4M(15M) 0.347ms
[20.659s][info][gc] GC(287) Pause Young (Allocation Failure) 9M->4M(15M) 0.396ms
[20.661s][info][gc] GC(288) Pause Young (Allocation Failure) 9M->4M(15M) 0.354ms
[20.663s][info][gc] GC(289) Pause Young (Allocation Failure) 9M->4M(15M) 0.348ms
[20.666s][info][gc] GC(290) Pause Young (Allocation Failure) 9M->4M(15M) 0.229ms
[20.668s][info][gc] GC(291) Pause Young (Allocation Failure) 9M->4M(15M) 0.526ms
[20.671s][info][gc] GC(292) Pause Young (Allocation Failure) 9M->4M(15M) 0.314ms
[20.673s][info][gc] GC(293) Pause Young (Allocation Failure) 9M->4M(15M) 0.216ms
[20.675s][info][gc] GC(294) Pause Young (Allocation Failure) 9M->4M(15M) 0.313ms
[20.677s][info][gc] GC(295) Pause Young (Allocation Failure) 9M->4M(15M) 0.301ms
[20.679s][info][gc] GC(296) Pause Young (Allocation Failure) 9M->4M(15M) 0.434ms
[20.681s][info][gc] GC(297) Pause Young (Allocation Failure) 9M->4M(15M) 0.358ms
[20.684s][info][gc] GC(298) Pause Young (Allocation Failure) 9M->4M(15M) 0.273ms
[20.686s][info][gc] GC(299) Pause Young (Allocation Failure) 9M->4M(15M) 0.258ms
[20.688s][info][gc] GC(300) Pause Young (Allocation Failure) 9M->4M(15M) 0.313ms
[20.691s][info][gc] GC(301) Pause Young (Allocation Failure) 9M->4M(15M) 0.241ms
[20.694s][info][gc] GC(302) Pause Young (Allocation Failure) 9M->4M(15M) 0.400ms
[20.696s][info][gc] GC(303) Pause Young (Allocation Failure) 9M->4M(15M) 0.503ms
[20.698s][info][gc] GC(304) Pause Young (Allocation Failure) 9M->4M(15M) 0.428ms
[20.700s][info][gc] GC(305) Pause Young (Allocation Failure) 9M->4M(15M) 0.338ms
[20.703s][info][gc] GC(306) Pause Young (Allocation Failure) 9M->4M(15M) 0.516ms
[20.706s][info][gc] GC(307) Pause Young (Allocation Failure) 9M->4M(15M) 0.507ms
[20.708s][info][gc] GC(308) Pause Young (Allocation Failure) 9M->4M(15M) 0.421ms
[20.710s][info][gc] GC(309) Pause Young (Allocation Failure) 9M->4M(15M) 0.348ms
[20.712s][info][gc] GC(310) Pause Young (Allocation Failure) 9M->4M(15M) 0.258ms
[20.715s][info][gc] GC(311) Pause Young (Allocation Failure) 9M->4M(15M) 0.310ms
[20.717s][info][gc] GC(312) Pause Young (Allocation Failure) 9M->4M(15M) 0.228ms
[20.719s][info][gc] GC(313) Pause Young (Allocation Failure) 9M->4M(15M) 0.306ms
[20.722s][info][gc] GC(314) Pause Young (Allocation Failure) 9M->4M(15M) 0.306ms
[20.724s][info][gc] GC(315) Pause Young (Allocation Failure) 9M->4M(15M) 0.317ms
[20.727s][info][gc] GC(316) Pause Young (Allocation Failure) 9M->4M(15M) 0.336ms
[20.729s][info][gc] GC(317) Pause Young (Allocation Failure) 9M->4M(15M) 0.338ms
[20.732s][info][gc] GC(318) Pause Young (Allocation Failure) 9M->4M(15M) 0.338ms
[20.734s][info][gc] GC(319) Pause Young (Allocation Failure) 9M->4M(15M) 0.249ms
[20.736s][info][gc] GC(320) Pause Young (Allocation Failure) 9M->4M(15M) 0.215ms
[20.738s][info][gc] GC(321) Pause Young (Allocation Failure) 9M->4M(15M) 0.218ms
[20.740s][info][gc] GC(322) Pause Young (Allocation Failure) 9M->4M(15M) 0.226ms
[20.742s][info][gc] GC(323) Pause Young (Allocation Failure) 9M->4M(15M) 0.351ms
[20.745s][info][gc] GC(324) Pause Young (Allocation Failure) 9M->4M(15M) 0.426ms
[20.747s][info][gc] GC(325) Pause Young (Allocation Failure) 9M->4M(15M) 0.353ms
[20.751s][info][gc] GC(326) Pause Young (Allocation Failure) 9M->4M(15M) 0.299ms
[20.753s][info][gc] GC(327) Pause Young (Allocation Failure) 9M->4M(15M) 0.231ms
[20.755s][info][gc] GC(328) Pause Young (Allocation Failure) 9M->4M(15M) 0.346ms
[20.757s][info][gc] GC(329) Pause Young (Allocation Failure) 9M->4M(15M) 0.412ms
[20.785s][info][gc] GC(330) Pause Young (Allocation Failure) 9M->4M(15M) 0.448ms
[20.789s][info][gc] GC(331) Pause Young (Allocation Failure) 9M->4M(15M) 0.639ms
[20.791s][info][gc] GC(332) Pause Young (Allocation Failure) 9M->4M(15M) 0.319ms
[20.793s][info][gc] GC(333) Pause Young (Allocation Failure) 9M->4M(15M) 0.342ms
[20.795s][info][gc] GC(334) Pause Young (Allocation Failure) 9M->4M(15M) 0.280ms
[20.798s][info][gc] GC(335) Pause Young (Allocation Failure) 9M->4M(15M) 0.398ms
[20.801s][info][gc] GC(336) Pause Young (Allocation Failure) 9M->4M(15M) 0.487ms
[20.803s][info][gc] GC(337) Pause Young (Allocation Failure) 9M->4M(15M) 0.298ms
[20.805s][info][gc] GC(338) Pause Young (Allocation Failure) 9M->4M(15M) 0.286ms
[20.807s][info][gc] GC(339) Pause Young (Allocation Failure) 9M->4M(15M) 0.278ms
[20.810s][info][gc] GC(340) Pause Young (Allocation Failure) 9M->4M(15M) 0.315ms
[20.812s][info][gc] GC(341) Pause Young (Allocation Failure) 9M->4M(15M) 0.276ms
[20.814s][info][gc] GC(342) Pause Young (Allocation Failure) 9M->4M(15M) 0.373ms
[20.817s][info][gc] GC(343) Pause Young (Allocation Failure) 9M->4M(15M) 0.378ms
[20.820s][info][gc] GC(344) Pause Young (Allocation Failure) 9M->4M(15M) 0.537ms
[20.824s][info][gc] GC(345) Pause Young (Allocation Failure) 9M->4M(15M) 0.631ms
[20.827s][info][gc] GC(346) Pause Young (Allocation Failure) 9M->4M(15M) 0.404ms
[20.829s][info][gc] GC(347) Pause Young (Allocation Failure) 9M->4M(15M) 0.360ms
[20.831s][info][gc] GC(348) Pause Young (Allocation Failure) 9M->4M(15M) 0.325ms
[20.834s][info][gc] GC(349) Pause Young (Allocation Failure) 9M->4M(15M) 0.223ms
[20.837s][info][gc] GC(350) Pause Young (Allocation Failure) 9M->4M(15M) 0.365ms
[20.840s][info][gc] GC(351) Pause Young (Allocation Failure) 9M->4M(15M) 0.555ms
[20.843s][info][gc] GC(352) Pause Young (Allocation Failure) 9M->4M(15M) 0.539ms
[20.846s][info][gc] GC(353) Pause Young (Allocation Failure) 9M->4M(15M) 0.469ms
[20.849s][info][gc] GC(354) Pause Young (Allocation Failure) 9M->4M(15M) 0.590ms
[20.854s][info][gc] GC(355) Pause Young (Allocation Failure) 9M->4M(15M) 0.500ms
[20.857s][info][gc] GC(356) Pause Young (Allocation Failure) 9M->4M(15M) 0.490ms
[20.860s][info][gc] GC(357) Pause Young (Allocation Failure) 9M->4M(15M) 0.508ms
[20.863s][info][gc] GC(358) Pause Young (Allocation Failure) 9M->4M(15M) 0.523ms
[20.865s][info][gc] GC(359) Pause Young (Allocation Failure) 9M->4M(15M) 0.334ms
[20.868s][info][gc] GC(360) Pause Young (Allocation Failure) 9M->4M(15M) 0.440ms
[20.871s][info][gc] GC(361) Pause Young (Allocation Failure) 9M->4M(15M) 0.334ms
[20.873s][info][gc] GC(362) Pause Young (Allocation Failure) 9M->4M(15M) 0.296ms
[20.876s][info][gc] GC(363) Pause Young (Allocation Failure) 9M->4M(15M) 0.405ms
[20.879s][info][gc] GC(364) Pause Young (Allocation Failure) 9M->4M(15M) 0.388ms
[20.883s][info][gc] GC(365) Pause Young (Allocation Failure) 9M->4M(15M) 0.276ms
[20.885s][info][gc] GC(366) Pause Young (Allocation Failure) 9M->4M(15M) 0.324ms
[20.887s][info][gc] GC(367) Pause Young (Allocation Failure) 9M->4M(15M) 0.304ms
[20.889s][info][gc] GC(368) Pause Young (Allocation Failure) 9M->4M(15M) 0.423ms
[20.892s][info][gc] GC(369) Pause Young (Allocation Failure) 9M->4M(15M) 0.324ms
[20.894s][info][gc] GC(370) Pause Young (Allocation Failure) 9M->4M(15M) 0.403ms
[20.896s][info][gc] GC(371) Pause Young (Allocation Failure) 9M->4M(15M) 0.227ms
[20.899s][info][gc] GC(372) Pause Young (Allocation Failure) 9M->4M(15M) 0.333ms
[20.901s][info][gc] GC(373) Pause Young (Allocation Failure) 9M->4M(15M) 0.217ms
[20.903s][info][gc] GC(374) Pause Young (Allocation Failure) 9M->4M(15M) 0.310ms
[20.906s][info][gc] GC(375) Pause Young (Allocation Failure) 9M->4M(15M) 0.425ms
[20.909s][info][gc] GC(376) Pause Young (Allocation Failure) 9M->4M(15M) 0.415ms
[20.911s][info][gc] GC(377) Pause Young (Allocation Failure) 9M->5M(15M) 0.283ms
[20.913s][info][gc] GC(378) Pause Young (Allocation Failure) 9M->4M(15M) 0.330ms
[20.916s][info][gc] GC(379) Pause Young (Allocation Failure) 9M->4M(15M) 0.380ms
[20.918s][info][gc] GC(380) Pause Young (Allocation Failure) 9M->4M(15M) 0.316ms
[20.920s][info][gc] GC(381) Pause Young (Allocation Failure) 9M->4M(15M) 0.300ms
[20.923s][info][gc] GC(382) Pause Young (Allocation Failure) 9M->4M(15M) 0.368ms
[20.925s][info][gc] GC(383) Pause Young (Allocation Failure) 9M->4M(15M) 0.198ms
[20.927s][info][gc] GC(384) Pause Young (Allocation Failure) 9M->4M(15M) 0.288ms
[20.929s][info][gc] GC(385) Pause Young (Allocation Failure) 9M->4M(15M) 0.196ms
[20.931s][info][gc] GC(386) Pause Young (Allocation Failure) 9M->4M(15M) 0.283ms
[20.933s][info][gc] GC(387) Pause Young (Allocation Failure) 9M->4M(15M) 0.203ms
[20.935s][info][gc] GC(388) Pause Young (Allocation Failure) 9M->4M(15M) 0.288ms
[20.938s][info][gc] GC(389) Pause Young (Allocation Failure) 9M->4M(15M) 0.175ms
[20.940s][info][gc] GC(390) Pause Young (Allocation Failure) 9M->4M(15M) 0.168ms
[20.941s][info][gc] GC(391) Pause Young (Allocation Failure) 9M->4M(15M) 0.172ms
[20.943s][info][gc] GC(392) Pause Young (Allocation Failure) 9M->4M(15M) 0.182ms
[20.945s][info][gc] GC(393) Pause Young (Allocation Failure) 9M->4M(15M) 0.170ms
[20.948s][info][gc] GC(394) Pause Young (Allocation Failure) 9M->4M(15M) 0.252ms
[20.951s][info][gc] GC(395) Pause Young (Allocation Failure) 9M->4M(15M) 0.334ms
[20.953s][info][gc] GC(396) Pause Young (Allocation Failure) 9M->4M(15M) 0.335ms
[20.955s][info][gc] GC(397) Pause Young (Allocation Failure) 9M->4M(15M) 0.283ms
[20.957s][info][gc] GC(398) Pause Young (Allocation Failure) 9M->4M(15M) 0.175ms
[20.959s][info][gc] GC(399) Pause Young (Allocation Failure) 9M->4M(15M) 0.167ms
[20.963s][info][gc] GC(400) Pause Young (Allocation Failure) 9M->4M(15M) 0.217ms
[20.966s][info][gc] GC(401) Pause Young (Allocation Failure) 9M->5M(15M) 0.260ms
[20.968s][info][gc] GC(402) Pause Young (Allocation Failure) 9M->5M(15M) 0.268ms
[20.971s][info][gc] GC(403) Pause Young (Allocation Failure) 9M->5M(15M) 0.296ms
[20.973s][info][gc] GC(404) Pause Young (Allocation Failure) 9M->5M(15M) 0.228ms
[20.975s][info][gc] GC(405) Pause Young (Allocation Failure) 9M->5M(15M) 0.335ms
[20.978s][info][gc] GC(406) Pause Young (Allocation Failure) 9M->5M(15M) 0.320ms
[20.980s][info][gc] GC(407) Pause Young (Allocation Failure) 9M->5M(15M) 0.316ms
[20.982s][info][gc] GC(408) Pause Young (Allocation Failure) 9M->5M(15M) 0.328ms
[20.985s][info][gc] GC(409) Pause Young (Allocation Failure) 9M->5M(15M) 0.322ms
[20.987s][info][gc] GC(410) Pause Young (Allocation Failure) 9M->5M(15M) 0.522ms
[20.990s][info][gc] GC(411) Pause Young (Allocation Failure) 9M->5M(15M) 0.321ms
[20.992s][info][gc] GC(412) Pause Young (Allocation Failure) 9M->4M(15M) 0.181ms
[20.994s][info][gc] GC(413) Pause Young (Allocation Failure) 9M->4M(15M) 0.240ms
[20.996s][info][gc] GC(414) Pause Young (Allocation Failure) 9M->4M(15M) 0.231ms
[20.999s][info][gc] GC(415) Pause Young (Allocation Failure) 9M->5M(15M) 0.337ms
[21.001s][info][gc] GC(416) Pause Young (Allocation Failure) 9M->5M(15M) 0.339ms
[21.003s][info][gc] GC(417) Pause Young (Allocation Failure) 9M->5M(15M) 0.337ms
[21.005s][info][gc] GC(418) Pause Young (Allocation Failure) 9M->5M(15M) 0.341ms
[21.007s][info][gc] GC(419) Pause Young (Allocation Failure) 9M->5M(15M) 0.333ms
[21.010s][info][gc] GC(420) Pause Young (Allocation Failure) 9M->5M(15M) 0.316ms
[21.013s][info][gc] GC(421) Pause Young (Allocation Failure) 9M->5M(15M) 0.555ms
[21.016s][info][gc] GC(422) Pause Young (Allocation Failure) 9M->5M(15M) 0.314ms
[21.018s][info][gc] GC(423) Pause Young (Allocation Failure) 9M->5M(15M) 0.301ms
[21.021s][info][gc] GC(424) Pause Young (Allocation Failure) 9M->5M(15M) 0.205ms
[21.023s][info][gc] GC(425) Pause Young (Allocation Failure) 9M->5M(15M) 0.576ms
[21.025s][info][gc] GC(426) Pause Young (Allocation Failure) 9M->5M(15M) 0.474ms
[21.027s][info][gc] GC(427) Pause Young (Allocation Failure) 9M->5M(15M) 0.388ms
[21.029s][info][gc] GC(428) Pause Young (Allocation Failure) 9M->5M(15M) 0.243ms
[21.032s][info][gc] GC(429) Pause Young (Allocation Failure) 9M->5M(15M) 0.565ms
[21.034s][info][gc] GC(430) Pause Young (Allocation Failure) 9M->5M(15M) 0.237ms
[21.036s][info][gc] GC(431) Pause Young (Allocation Failure) 9M->5M(15M) 0.507ms
[21.039s][info][gc] GC(432) Pause Young (Allocation Failure) 9M->5M(15M) 0.450ms
[21.041s][info][gc] GC(433) Pause Young (Allocation Failure) 9M->5M(15M) 0.342ms
[21.043s][info][gc] GC(434) Pause Young (Allocation Failure) 9M->5M(15M) 0.325ms
[21.046s][info][gc] GC(435) Pause Young (Allocation Failure) 9M->5M(15M) 0.311ms
[21.048s][info][gc] GC(436) Pause Young (Allocation Failure) 9M->5M(15M) 0.211ms
[21.051s][info][gc] GC(437) Pause Young (Allocation Failure) 9M->5M(15M) 0.222ms
[21.053s][info][gc] GC(438) Pause Young (Allocation Failure) 9M->5M(15M) 0.644ms
[21.056s][info][gc] GC(439) Pause Young (Allocation Failure) 9M->5M(15M) 0.279ms
[21.058s][info][gc] GC(440) Pause Young (Allocation Failure) 9M->5M(15M) 0.369ms
[21.061s][info][gc] GC(441) Pause Young (Allocation Failure) 9M->5M(15M) 0.296ms
[21.063s][info][gc] GC(442) Pause Young (Allocation Failure) 9M->5M(15M) 0.284ms
[21.066s][info][gc] GC(443) Pause Young (Allocation Failure) 9M->5M(15M) 0.424ms
[21.068s][info][gc] GC(444) Pause Young (Allocation Failure) 9M->5M(15M) 0.367ms
[21.070s][info][gc] GC(445) Pause Young (Allocation Failure) 9M->5M(15M) 0.296ms
[21.073s][info][gc] GC(446) Pause Young (Allocation Failure) 9M->5M(15M) 0.250ms
[21.075s][info][gc] GC(447) Pause Young (Allocation Failure) 9M->5M(15M) 0.345ms
[21.078s][info][gc] GC(448) Pause Young (Allocation Failure) 9M->5M(15M) 0.507ms
[21.080s][info][gc] GC(449) Pause Young (Allocation Failure) 9M->5M(15M) 0.458ms
[21.082s][info][gc] GC(450) Pause Young (Allocation Failure) 9M->5M(15M) 0.238ms
[21.084s][info][gc] GC(451) Pause Young (Allocation Failure) 9M->5M(15M) 0.214ms
[21.086s][info][gc] GC(452) Pause Young (Allocation Failure) 9M->5M(15M) 0.372ms
[21.088s][info][gc] GC(453) Pause Young (Allocation Failure) 9M->5M(15M) 0.306ms
[21.090s][info][gc] GC(454) Pause Young (Allocation Failure) 9M->5M(15M) 0.242ms
[21.092s][info][gc] GC(455) Pause Young (Allocation Failure) 9M->5M(15M) 0.240ms
[21.095s][info][gc] GC(456) Pause Young (Allocation Failure) 9M->5M(15M) 0.464ms
[21.096s][info][gc] GC(457) Pause Young (Allocation Failure) 9M->5M(15M) 0.226ms
[21.099s][info][gc] GC(458) Pause Young (Allocation Failure) 9M->5M(15M) 0.315ms
[21.101s][info][gc] GC(459) Pause Young (Allocation Failure) 9M->5M(15M) 0.568ms
[21.104s][info][gc] GC(460) Pause Young (Allocation Failure) 9M->5M(15M) 0.238ms
[21.106s][info][gc] GC(461) Pause Young (Allocation Failure) 9M->5M(15M) 0.253ms
[21.109s][info][gc] GC(462) Pause Young (Allocation Failure) 9M->5M(15M) 0.389ms
[21.111s][info][gc] GC(463) Pause Young (Allocation Failure) 9M->5M(15M) 0.256ms
[21.113s][info][gc] GC(464) Pause Young (Allocation Failure) 9M->5M(15M) 0.246ms
[21.115s][info][gc] GC(465) Pause Young (Allocation Failure) 9M->5M(15M) 0.402ms
[21.118s][info][gc] GC(466) Pause Young (Allocation Failure) 9M->5M(15M) 0.351ms
[21.120s][info][gc] GC(467) Pause Young (Allocation Failure) 9M->5M(15M) 0.248ms
[21.122s][info][gc] GC(468) Pause Young (Allocation Failure) 9M->5M(15M) 0.265ms
[21.124s][info][gc] GC(469) Pause Young (Allocation Failure) 9M->5M(15M) 0.305ms
[21.126s][info][gc] GC(470) Pause Young (Allocation Failure) 9M->5M(15M) 0.274ms
[21.129s][info][gc] GC(471) Pause Young (Allocation Failure) 9M->5M(15M) 0.259ms
[21.131s][info][gc] GC(472) Pause Young (Allocation Failure) 9M->5M(15M) 0.373ms
[21.134s][info][gc] GC(473) Pause Young (Allocation Failure) 9M->5M(15M) 0.495ms
[21.140s][info][gc] GC(474) Pause Young (Allocation Failure) 9M->5M(15M) 0.354ms
[21.142s][info][gc] GC(475) Pause Young (Allocation Failure) 9M->5M(15M) 0.329ms
[21.145s][info][gc] GC(476) Pause Young (Allocation Failure) 9M->5M(15M) 0.275ms
[21.147s][info][gc] GC(477) Pause Young (Allocation Failure) 9M->5M(15M) 0.333ms
[21.150s][info][gc] GC(478) Pause Young (Allocation Failure) 9M->5M(15M) 0.379ms
[21.153s][info][gc] GC(479) Pause Young (Allocation Failure) 9M->5M(15M) 0.464ms
[21.156s][info][gc] GC(480) Pause Young (Allocation Failure) 9M->5M(15M) 0.448ms
[21.160s][info][gc] GC(481) Pause Young (Allocation Failure) 9M->5M(15M) 0.488ms
[21.163s][info][gc] GC(482) Pause Young (Allocation Failure) 9M->5M(15M) 0.434ms
[21.166s][info][gc] GC(483) Pause Young (Allocation Failure) 9M->5M(15M) 0.360ms
[21.169s][info][gc] GC(484) Pause Young (Allocation Failure) 9M->5M(15M) 0.330ms
[21.171s][info][gc] GC(485) Pause Young (Allocation Failure) 9M->5M(15M) 0.321ms
[21.173s][info][gc] GC(486) Pause Young (Allocation Failure) 9M->5M(15M) 0.362ms
[21.176s][info][gc] GC(487) Pause Young (Allocation Failure) 9M->5M(15M) 0.247ms
[21.178s][info][gc] GC(488) Pause Young (Allocation Failure) 9M->5M(15M) 0.333ms
[21.180s][info][gc] GC(489) Pause Young (Allocation Failure) 9M->5M(15M) 0.387ms
[21.183s][info][gc] GC(490) Pause Young (Allocation Failure) 9M->5M(15M) 0.345ms
[21.185s][info][gc] GC(491) Pause Young (Allocation Failure) 9M->5M(15M) 0.235ms
[21.187s][info][gc] GC(492) Pause Young (Allocation Failure) 9M->5M(15M) 0.270ms
[21.189s][info][gc] GC(493) Pause Young (Allocation Failure) 9M->5M(15M) 0.324ms
[21.192s][info][gc] GC(494) Pause Young (Allocation Failure) 9M->5M(15M) 0.322ms
[21.194s][info][gc] GC(495) Pause Young (Allocation Failure) 9M->5M(15M) 0.457ms
[21.196s][info][gc] GC(496) Pause Young (Allocation Failure) 9M->5M(15M) 0.274ms
[21.199s][info][gc] GC(497) Pause Young (Allocation Failure) 9M->5M(15M) 0.349ms
[21.201s][info][gc] GC(498) Pause Young (Allocation Failure) 9M->5M(15M) 0.335ms
[21.203s][info][gc] GC(499) Pause Young (Allocation Failure) 9M->5M(15M) 0.314ms
[21.206s][info][gc] GC(500) Pause Young (Allocation Failure) 9M->5M(15M) 0.312ms
[21.208s][info][gc] GC(501) Pause Young (Allocation Failure) 9M->5M(15M) 0.333ms
[21.211s][info][gc] GC(502) Pause Young (Allocation Failure) 9M->5M(15M) 0.330ms
[21.213s][info][gc] GC(503) Pause Young (Allocation Failure) 9M->5M(15M) 0.222ms
[21.215s][info][gc] GC(504) Pause Young (Allocation Failure) 9M->5M(15M) 0.311ms
[21.217s][info][gc] GC(505) Pause Young (Allocation Failure) 9M->5M(15M) 0.315ms
[21.219s][info][gc] GC(506) Pause Young (Allocation Failure) 9M->5M(15M) 0.321ms
[21.221s][info][gc] GC(507) Pause Young (Allocation Failure) 9M->5M(15M) 0.320ms
[21.223s][info][gc] GC(508) Pause Young (Allocation Failure) 9M->5M(15M) 0.323ms
[21.226s][info][gc] GC(509) Pause Young (Allocation Failure) 9M->5M(15M) 0.325ms
[21.228s][info][gc] GC(510) Pause Young (Allocation Failure) 9M->5M(15M) 0.321ms
[21.231s][info][gc] GC(511) Pause Young (Allocation Failure) 9M->5M(15M) 0.316ms
[21.233s][info][gc] GC(512) Pause Young (Allocation Failure) 9M->5M(15M) 0.334ms
[21.236s][info][gc] GC(513) Pause Young (Allocation Failure) 9M->5M(15M) 0.343ms
[21.238s][info][gc] GC(514) Pause Young (Allocation Failure) 9M->5M(15M) 0.313ms
[21.240s][info][gc] GC(515) Pause Young (Allocation Failure) 9M->5M(15M) 0.241ms
[21.243s][info][gc] GC(516) Pause Young (Allocation Failure) 9M->5M(15M) 0.247ms
[21.246s][info][gc] GC(517) Pause Young (Allocation Failure) 9M->5M(15M) 0.354ms
[21.248s][info][gc] GC(518) Pause Young (Allocation Failure) 9M->5M(15M) 0.335ms
[21.250s][info][gc] GC(519) Pause Young (Allocation Failure) 9M->5M(15M) 0.242ms
[21.253s][info][gc] GC(520) Pause Young (Allocation Failure) 9M->5M(15M) 0.482ms
[21.255s][info][gc] GC(521) Pause Young (Allocation Failure) 9M->5M(15M) 0.236ms
[21.257s][info][gc] GC(522) Pause Young (Allocation Failure) 9M->5M(15M) 0.291ms
[21.260s][info][gc] GC(523) Pause Young (Allocation Failure) 9M->5M(15M) 0.505ms
[21.262s][info][gc] GC(524) Pause Young (Allocation Failure) 9M->5M(15M) 0.440ms
[21.264s][info][gc] GC(525) Pause Young (Allocation Failure) 9M->5M(15M) 0.347ms
[21.267s][info][gc] GC(526) Pause Young (Allocation Failure) 9M->5M(15M) 0.226ms
[21.269s][info][gc] GC(527) Pause Young (Allocation Failure) 9M->5M(15M) 0.307ms
[21.272s][info][gc] GC(528) Pause Young (Allocation Failure) 9M->5M(15M) 0.438ms
[21.274s][info][gc] GC(529) Pause Young (Allocation Failure) 9M->5M(15M) 0.349ms
[21.277s][info][gc] GC(530) Pause Young (Allocation Failure) 9M->5M(15M) 0.304ms
[21.279s][info][gc] GC(531) Pause Young (Allocation Failure) 9M->5M(15M) 0.366ms
[21.281s][info][gc] GC(532) Pause Young (Allocation Failure) 9M->5M(15M) 0.194ms
[21.283s][info][gc] GC(533) Pause Young (Allocation Failure) 9M->5M(15M) 0.183ms
[21.285s][info][gc] GC(534) Pause Young (Allocation Failure) 9M->5M(15M) 0.179ms
[21.287s][info][gc] GC(535) Pause Young (Allocation Failure) 9M->5M(15M) 0.418ms
[21.290s][info][gc] GC(536) Pause Young (Allocation Failure) 9M->5M(15M) 0.284ms
[21.292s][info][gc] GC(537) Pause Young (Allocation Failure) 9M->5M(15M) 0.201ms
[21.294s][info][gc] GC(538) Pause Young (Allocation Failure) 9M->5M(15M) 0.189ms
[21.296s][info][gc] GC(539) Pause Young (Allocation Failure) 9M->5M(15M) 0.172ms
[21.298s][info][gc] GC(540) Pause Young (Allocation Failure) 9M->5M(15M) 0.231ms
[21.300s][info][gc] GC(541) Pause Young (Allocation Failure) 9M->5M(15M) 0.171ms
[21.303s][info][gc] GC(542) Pause Young (Allocation Failure) 9M->5M(15M) 0.649ms
[21.305s][info][gc] GC(543) Pause Young (Allocation Failure) 9M->5M(15M) 0.203ms
[21.308s][info][gc] GC(544) Pause Young (Allocation Failure) 9M->5M(15M) 0.414ms
[21.310s][info][gc] GC(545) Pause Young (Allocation Failure) 9M->5M(15M) 0.275ms
[21.312s][info][gc] GC(546) Pause Young (Allocation Failure) 9M->5M(15M) 0.263ms
[21.315s][info][gc] GC(547) Pause Young (Allocation Failure) 9M->5M(15M) 0.257ms
[21.317s][info][gc] GC(548) Pause Young (Allocation Failure) 9M->5M(15M) 0.271ms
[21.319s][info][gc] GC(549) Pause Young (Allocation Failure) 9M->5M(15M) 0.167ms
[21.322s][info][gc] GC(550) Pause Young (Allocation Failure) 9M->5M(15M) 0.264ms
[21.325s][info][gc] GC(551) Pause Young (Allocation Failure) 9M->5M(15M) 0.429ms
[21.327s][info][gc] GC(552) Pause Young (Allocation Failure) 9M->5M(15M) 0.273ms
[21.329s][info][gc] GC(553) Pause Young (Allocation Failure) 9M->5M(15M) 0.436ms
[21.331s][info][gc] GC(554) Pause Young (Allocation Failure) 9M->5M(15M) 0.199ms
[21.334s][info][gc] GC(555) Pause Young (Allocation Failure) 9M->5M(15M) 0.194ms
[21.336s][info][gc] GC(556) Pause Young (Allocation Failure) 9M->5M(15M) 0.255ms
[21.339s][info][gc] GC(557) Pause Young (Allocation Failure) 9M->5M(15M) 0.403ms
[21.341s][info][gc] GC(558) Pause Young (Allocation Failure) 9M->5M(15M) 0.288ms
[21.344s][info][gc] GC(559) Pause Young (Allocation Failure) 9M->5M(15M) 0.406ms
[21.346s][info][gc] GC(560) Pause Young (Allocation Failure) 9M->5M(15M) 0.345ms
[21.349s][info][gc] GC(561) Pause Young (Allocation Failure) 9M->5M(15M) 0.491ms
[21.351s][info][gc] GC(562) Pause Young (Allocation Failure) 9M->5M(15M) 0.207ms
[21.353s][info][gc] GC(563) Pause Young (Allocation Failure) 9M->5M(15M) 0.388ms
[21.356s][info][gc] GC(564) Pause Young (Allocation Failure) 9M->5M(15M) 0.245ms
[21.359s][info][gc] GC(565) Pause Young (Allocation Failure) 9M->5M(15M) 1.032ms
[21.361s][info][gc] GC(566) Pause Young (Allocation Failure) 9M->5M(15M) 0.247ms
[21.363s][info][gc] GC(567) Pause Young (Allocation Failure) 9M->5M(15M) 0.215ms
[21.365s][info][gc] GC(568) Pause Young (Allocation Failure) 9M->5M(15M) 0.548ms
[21.368s][info][gc] GC(569) Pause Young (Allocation Failure) 9M->5M(15M) 0.251ms
[21.370s][info][gc] GC(570) Pause Young (Allocation Failure) 9M->5M(15M) 0.362ms
[21.372s][info][gc] GC(571) Pause Young (Allocation Failure) 9M->5M(15M) 0.247ms
[21.374s][info][gc] GC(572) Pause Young (Allocation Failure) 9M->5M(15M) 0.279ms
[21.376s][info][gc] GC(573) Pause Young (Allocation Failure) 9M->5M(15M) 0.258ms
[21.379s][info][gc] GC(574) Pause Young (Allocation Failure) 9M->5M(15M) 0.339ms
[21.381s][info][gc] GC(575) Pause Young (Allocation Failure) 9M->5M(15M) 0.590ms
[21.384s][info][gc] GC(576) Pause Young (Allocation Failure) 9M->5M(15M) 0.409ms
[21.386s][info][gc] GC(577) Pause Young (Allocation Failure) 9M->5M(15M) 0.336ms
[21.388s][info][gc] GC(578) Pause Young (Allocation Failure) 9M->5M(15M) 0.328ms
[21.391s][info][gc] GC(579) Pause Young (Allocation Failure) 9M->5M(15M) 0.347ms
[21.393s][info][gc] GC(580) Pause Young (Allocation Failure) 9M->5M(15M) 0.335ms
[21.396s][info][gc] GC(581) Pause Young (Allocation Failure) 9M->5M(15M) 0.560ms
[21.398s][info][gc] GC(582) Pause Young (Allocation Failure) 9M->5M(15M) 0.444ms
[21.400s][info][gc] GC(583) Pause Young (Allocation Failure) 9M->5M(15M) 0.266ms
[21.403s][info][gc] GC(584) Pause Young (Allocation Failure) 9M->5M(15M) 0.245ms
[21.405s][info][gc] GC(585) Pause Young (Allocation Failure) 9M->5M(15M) 0.524ms
[21.407s][info][gc] GC(586) Pause Young (Allocation Failure) 9M->5M(15M) 0.291ms
[21.410s][info][gc] GC(587) Pause Young (Allocation Failure) 9M->5M(15M) 0.354ms
[21.413s][info][gc] GC(588) Pause Young (Allocation Failure) 9M->5M(15M) 0.427ms
[21.416s][info][gc] GC(589) Pause Young (Allocation Failure) 9M->5M(15M) 0.480ms
[21.418s][info][gc] GC(590) Pause Young (Allocation Failure) 9M->5M(15M) 0.321ms
[21.420s][info][gc] GC(591) Pause Young (Allocation Failure) 9M->5M(15M) 0.375ms
[21.423s][info][gc] GC(592) Pause Young (Allocation Failure) 9M->5M(15M) 0.224ms
[21.425s][info][gc] GC(593) Pause Young (Allocation Failure) 9M->5M(15M) 0.230ms
[21.427s][info][gc] GC(594) Pause Young (Allocation Failure) 9M->5M(15M) 0.557ms
[21.429s][info][gc] GC(595) Pause Young (Allocation Failure) 9M->5M(15M) 0.476ms
[21.431s][info][gc] GC(596) Pause Young (Allocation Failure) 9M->5M(15M) 0.308ms
[21.433s][info][gc] GC(597) Pause Young (Allocation Failure) 9M->5M(15M) 0.354ms
[21.436s][info][gc] GC(598) Pause Young (Allocation Failure) 9M->5M(15M) 0.305ms
[21.439s][info][gc] GC(599) Pause Young (Allocation Failure) 9M->5M(15M) 0.531ms
[21.441s][info][gc] GC(600) Pause Young (Allocation Failure) 9M->5M(15M) 0.339ms
[21.444s][info][gc] GC(601) Pause Young (Allocation Failure) 9M->5M(15M) 0.684ms
[21.447s][info][gc] GC(602) Pause Young (Allocation Failure) 9M->5M(15M) 0.447ms
[21.450s][info][gc] GC(603) Pause Young (Allocation Failure) 9M->5M(15M) 0.415ms
[21.453s][info][gc] GC(604) Pause Young (Allocation Failure) 9M->5M(15M) 0.427ms
[21.459s][info][gc] GC(605) Pause Young (Allocation Failure) 9M->5M(15M) 0.546ms
[21.462s][info][gc] GC(606) Pause Young (Allocation Failure) 9M->5M(15M) 0.542ms
[21.465s][info][gc] GC(607) Pause Young (Allocation Failure) 9M->5M(15M) 0.428ms
[21.467s][info][gc] GC(608) Pause Young (Allocation Failure) 9M->5M(15M) 0.341ms
[21.470s][info][gc] GC(609) Pause Young (Allocation Failure) 9M->5M(15M) 0.267ms
[21.472s][info][gc] GC(610) Pause Young (Allocation Failure) 9M->5M(15M) 0.342ms
[21.474s][info][gc] GC(611) Pause Young (Allocation Failure) 9M->5M(15M) 0.313ms
[21.477s][info][gc] GC(612) Pause Young (Allocation Failure) 9M->5M(15M) 0.390ms
[21.480s][info][gc] GC(613) Pause Young (Allocation Failure) 9M->5M(15M) 0.276ms
[21.482s][info][gc] GC(614) Pause Young (Allocation Failure) 9M->5M(15M) 0.308ms
[21.484s][info][gc] GC(615) Pause Young (Allocation Failure) 9M->5M(15M) 0.308ms
[21.486s][info][gc] GC(616) Pause Young (Allocation Failure) 9M->5M(15M) 0.302ms
[21.489s][info][gc] GC(617) Pause Young (Allocation Failure) 9M->5M(15M) 0.322ms
[21.491s][info][gc] GC(618) Pause Young (Allocation Failure) 9M->5M(15M) 0.332ms
[21.494s][info][gc] GC(619) Pause Young (Allocation Failure) 9M->5M(15M) 0.361ms
[21.496s][info][gc] GC(620) Pause Young (Allocation Failure) 9M->5M(15M) 0.350ms
[21.499s][info][gc] GC(621) Pause Young (Allocation Failure) 9M->5M(15M) 0.346ms
[21.501s][info][gc] GC(622) Pause Young (Allocation Failure) 9M->5M(15M) 0.359ms
[21.503s][info][gc] GC(623) Pause Young (Allocation Failure) 9M->5M(15M) 0.349ms
[21.506s][info][gc] GC(624) Pause Young (Allocation Failure) 9M->5M(15M) 0.248ms
[21.508s][info][gc] GC(625) Pause Young (Allocation Failure) 9M->5M(15M) 0.360ms
[21.511s][info][gc] GC(626) Pause Young (Allocation Failure) 9M->5M(15M) 0.322ms
[21.513s][info][gc] GC(627) Pause Young (Allocation Failure) 9M->5M(15M) 0.313ms
[21.515s][info][gc] GC(628) Pause Young (Allocation Failure) 9M->5M(15M) 0.305ms
[21.518s][info][gc] GC(629) Pause Young (Allocation Failure) 9M->5M(15M) 0.316ms
[21.520s][info][gc] GC(630) Pause Young (Allocation Failure) 9M->5M(15M) 0.299ms
[21.522s][info][gc] GC(631) Pause Young (Allocation Failure) 9M->5M(15M) 0.309ms
[21.525s][info][gc] GC(632) Pause Young (Allocation Failure) 9M->5M(15M) 0.326ms
[21.527s][info][gc] GC(633) Pause Young (Allocation Failure) 9M->5M(15M) 0.308ms
[21.529s][info][gc] GC(634) Pause Young (Allocation Failure) 9M->5M(15M) 0.302ms
[21.532s][info][gc] GC(635) Pause Young (Allocation Failure) 9M->5M(15M) 0.331ms
[21.534s][info][gc] GC(636) Pause Young (Allocation Failure) 9M->5M(15M) 0.334ms
[21.537s][info][gc] GC(637) Pause Young (Allocation Failure) 9M->5M(15M) 0.228ms
[21.539s][info][gc] GC(638) Pause Young (Allocation Failure) 9M->5M(15M) 0.465ms
[21.542s][info][gc] GC(639) Pause Young (Allocation Failure) 9M->5M(15M) 0.308ms
[21.544s][info][gc] GC(640) Pause Young (Allocation Failure) 9M->5M(15M) 0.203ms
[21.546s][info][gc] GC(641) Pause Young (Allocation Failure) 9M->5M(15M) 0.461ms
[21.548s][info][gc] GC(642) Pause Young (Allocation Failure) 9M->5M(15M) 0.363ms
[21.551s][info][gc] GC(643) Pause Young (Allocation Failure) 9M->5M(15M) 0.268ms
[21.553s][info][gc] GC(644) Pause Young (Allocation Failure) 9M->5M(15M) 0.277ms
[21.555s][info][gc] GC(645) Pause Young (Allocation Failure) 9M->5M(15M) 0.256ms
[21.557s][info][gc] GC(646) Pause Young (Allocation Failure) 9M->5M(15M) 0.213ms
[21.560s][info][gc] GC(647) Pause Young (Allocation Failure) 9M->5M(15M) 0.239ms
[21.563s][info][gc] GC(648) Pause Young (Allocation Failure) 9M->5M(15M) 0.301ms
[21.565s][info][gc] GC(649) Pause Young (Allocation Failure) 9M->5M(15M) 0.400ms
[21.567s][info][gc] GC(650) Pause Young (Allocation Failure) 9M->5M(15M) 0.284ms
[21.569s][info][gc] GC(651) Pause Young (Allocation Failure) 9M->5M(15M) 0.214ms
[21.572s][info][gc] GC(652) Pause Young (Allocation Failure) 9M->5M(15M) 0.267ms
[21.574s][info][gc] GC(653) Pause Young (Allocation Failure) 9M->5M(15M) 0.421ms
[21.576s][info][gc] GC(654) Pause Young (Allocation Failure) 9M->5M(15M) 0.261ms
[21.578s][info][gc] GC(655) Pause Young (Allocation Failure) 9M->5M(15M) 0.178ms
[21.581s][info][gc] GC(656) Pause Young (Allocation Failure) 9M->5M(15M) 0.386ms
[21.583s][info][gc] GC(657) Pause Young (Allocation Failure) 9M->5M(15M) 0.250ms
[21.585s][info][gc] GC(658) Pause Young (Allocation Failure) 9M->5M(15M) 0.167ms
[21.587s][info][gc] GC(659) Pause Young (Allocation Failure) 9M->5M(15M) 0.183ms
[21.590s][info][gc] GC(660) Pause Young (Allocation Failure) 9M->5M(15M) 0.391ms
[21.592s][info][gc] GC(661) Pause Young (Allocation Failure) 9M->5M(15M) 0.255ms
[21.594s][info][gc] GC(662) Pause Young (Allocation Failure) 9M->5M(15M) 0.282ms
[21.596s][info][gc] GC(663) Pause Young (Allocation Failure) 9M->5M(15M) 0.251ms
[21.598s][info][gc] GC(664) Pause Young (Allocation Failure) 9M->5M(15M) 0.390ms
[21.601s][info][gc] GC(665) Pause Young (Allocation Failure) 9M->5M(15M) 0.180ms
[21.603s][info][gc] GC(666) Pause Young (Allocation Failure) 9M->5M(15M) 0.332ms
[21.606s][info][gc] GC(667) Pause Young (Allocation Failure) 9M->5M(15M) 0.321ms
[21.608s][info][gc] GC(668) Pause Young (Allocation Failure) 9M->5M(15M) 0.257ms
[21.610s][info][gc] GC(669) Pause Young (Allocation Failure) 9M->5M(15M) 0.503ms
[21.612s][info][gc] GC(670) Pause Young (Allocation Failure) 9M->5M(15M) 0.331ms
[21.615s][info][gc] GC(671) Pause Young (Allocation Failure) 9M->5M(15M) 0.312ms
[21.617s][info][gc] GC(672) Pause Young (Allocation Failure) 9M->5M(15M) 0.449ms
[21.620s][info][gc] GC(673) Pause Young (Allocation Failure) 9M->5M(15M) 0.325ms
[21.622s][info][gc] GC(674) Pause Young (Allocation Failure) 9M->5M(15M) 0.334ms
[21.624s][info][gc] GC(675) Pause Young (Allocation Failure) 9M->5M(15M) 0.309ms
[21.627s][info][gc] GC(676) Pause Young (Allocation Failure) 9M->5M(15M) 0.223ms
[21.630s][info][gc] GC(677) Pause Young (Allocation Failure) 9M->5M(15M) 0.383ms
[21.631s][info][gc] GC(678) Pause Young (Allocation Failure) 9M->5M(15M) 0.236ms
[21.634s][info][gc] GC(679) Pause Young (Allocation Failure) 9M->5M(15M) 0.342ms
[21.637s][info][gc] GC(680) Pause Young (Allocation Failure) 9M->5M(15M) 0.177ms
[21.638s][info][gc] GC(681) Pause Young (Allocation Failure) 9M->5M(15M) 0.225ms
[21.640s][info][gc] GC(682) Pause Young (Allocation Failure) 9M->5M(15M) 0.220ms
[21.642s][info][gc] GC(683) Pause Young (Allocation Failure) 9M->5M(15M) 0.229ms
[21.645s][info][gc] GC(684) Pause Young (Allocation Failure) 9M->5M(15M) 0.159ms
[21.648s][info][gc] GC(685) Pause Young (Allocation Failure) 9M->5M(15M) 0.302ms
[21.650s][info][gc] GC(686) Pause Young (Allocation Failure) 9M->5M(15M) 0.372ms
[21.652s][info][gc] GC(687) Pause Young (Allocation Failure) 9M->5M(15M) 0.302ms
[21.654s][info][gc] GC(688) Pause Young (Allocation Failure) 9M->5M(15M) 0.235ms
[21.657s][info][gc] GC(689) Pause Young (Allocation Failure) 9M->5M(15M) 0.301ms
[21.659s][info][gc] GC(690) Pause Young (Allocation Failure) 9M->5M(15M) 0.226ms
[21.660s][info][gc] GC(691) Pause Young (Allocation Failure) 9M->5M(15M) 0.214ms
[21.663s][info][gc] GC(692) Pause Young (Allocation Failure) 9M->5M(15M) 0.501ms
[21.665s][info][gc] GC(693) Pause Young (Allocation Failure) 9M->5M(15M) 0.206ms
[21.667s][info][gc] GC(694) Pause Young (Allocation Failure) 9M->5M(15M) 0.219ms
[21.668s][info][gc] GC(695) Pause Young (Allocation Failure) 9M->5M(15M) 0.202ms
[21.670s][info][gc] GC(696) Pause Young (Allocation Failure) 9M->5M(15M) 0.213ms
[21.672s][info][gc] GC(697) Pause Young (Allocation Failure) 9M->5M(15M) 0.497ms
[21.675s][info][gc] GC(698) Pause Young (Allocation Failure) 9M->5M(15M) 0.482ms
[21.677s][info][gc] GC(699) Pause Young (Allocation Failure) 9M->5M(15M) 0.308ms
[21.680s][info][gc] GC(700) Pause Young (Allocation Failure) 9M->5M(15M) 0.314ms
[21.682s][info][gc] GC(701) Pause Young (Allocation Failure) 9M->5M(15M) 0.298ms
[21.684s][info][gc] GC(702) Pause Young (Allocation Failure) 9M->5M(15M) 0.476ms
[21.687s][info][gc] GC(703) Pause Young (Allocation Failure) 9M->5M(15M) 0.295ms
[21.689s][info][gc] GC(704) Pause Young (Allocation Failure) 9M->5M(15M) 0.216ms
[21.691s][info][gc] GC(705) Pause Young (Allocation Failure) 9M->5M(15M) 0.210ms
[21.692s][info][gc] GC(706) Pause Young (Allocation Failure) 9M->5M(15M) 0.318ms
[21.696s][info][gc] GC(707) Pause Young (Allocation Failure) 9M->5M(15M) 0.483ms
[21.698s][info][gc] GC(708) Pause Young (Allocation Failure) 9M->5M(15M) 0.466ms
[21.700s][info][gc] GC(709) Pause Young (Allocation Failure) 9M->5M(15M) 0.307ms
[21.703s][info][gc] GC(710) Pause Young (Allocation Failure) 9M->5M(15M) 0.480ms
[21.705s][info][gc] GC(711) Pause Young (Allocation Failure) 9M->5M(15M) 0.308ms
[21.707s][info][gc] GC(712) Pause Young (Allocation Failure) 9M->5M(15M) 0.203ms
[21.709s][info][gc] GC(713) Pause Young (Allocation Failure) 9M->5M(15M) 0.361ms
[21.711s][info][gc] GC(714) Pause Young (Allocation Failure) 9M->5M(15M) 0.254ms
[21.713s][info][gc] GC(715) Pause Young (Allocation Failure) 9M->5M(15M) 0.212ms
[21.716s][info][gc] GC(716) Pause Young (Allocation Failure) 9M->5M(15M) 0.284ms
[21.719s][info][gc] GC(717) Pause Young (Allocation Failure) 9M->5M(15M) 0.483ms
[21.720s][info][gc] GC(718) Pause Young (Allocation Failure) 9M->5M(15M) 0.314ms
[21.723s][info][gc] GC(719) Pause Young (Allocation Failure) 9M->5M(15M) 0.303ms
[21.725s][info][gc] GC(720) Pause Young (Allocation Failure) 9M->5M(15M) 0.471ms
[21.728s][info][gc] GC(721) Pause Young (Allocation Failure) 9M->5M(15M) 0.394ms
[21.734s][info][gc] GC(722) Pause Young (Allocation Failure) 9M->5M(15M) 0.413ms
[21.737s][info][gc] GC(723) Pause Young (Allocation Failure) 9M->5M(15M) 0.391ms
[21.739s][info][gc] GC(724) Pause Young (Allocation Failure) 9M->5M(15M) 0.308ms
[21.741s][info][gc] GC(725) Pause Young (Allocation Failure) 9M->5M(15M) 0.400ms
[21.744s][info][gc] GC(726) Pause Young (Allocation Failure) 9M->5M(15M) 0.399ms
[21.747s][info][gc] GC(727) Pause Young (Allocation Failure) 9M->5M(15M) 0.412ms
[21.749s][info][gc] GC(728) Pause Young (Allocation Failure) 9M->5M(15M) 0.315ms
[21.751s][info][gc] GC(729) Pause Young (Allocation Failure) 9M->5M(15M) 0.336ms
[21.754s][info][gc] GC(730) Pause Young (Allocation Failure) 9M->5M(15M) 0.334ms
[21.756s][info][gc] GC(731) Pause Young (Allocation Failure) 9M->5M(15M) 0.310ms
[21.759s][info][gc] GC(732) Pause Young (Allocation Failure) 9M->5M(15M) 1.298ms
[21.761s][info][gc] GC(733) Pause Young (Allocation Failure) 9M->5M(15M) 0.269ms
[21.763s][info][gc] GC(734) Pause Young (Allocation Failure) 9M->5M(15M) 0.232ms
[21.765s][info][gc] GC(735) Pause Young (Allocation Failure) 9M->5M(15M) 0.248ms
[21.767s][info][gc] GC(736) Pause Young (Allocation Failure) 9M->5M(15M) 0.225ms
[21.768s][info][gc] GC(737) Pause Young (Allocation Failure) 9M->5M(15M) 0.223ms
[21.771s][info][gc] GC(738) Pause Young (Allocation Failure) 9M->5M(15M) 0.254ms
[21.773s][info][gc] GC(739) Pause Young (Allocation Failure) 9M->5M(15M) 0.246ms
[21.775s][info][gc] GC(740) Pause Young (Allocation Failure) 9M->5M(15M) 0.180ms
[21.777s][info][gc] GC(741) Pause Young (Allocation Failure) 9M->5M(15M) 0.240ms
[21.779s][info][gc] GC(742) Pause Young (Allocation Failure) 9M->5M(15M) 0.239ms
[21.782s][info][gc] GC(743) Pause Young (Allocation Failure) 9M->5M(15M) 0.241ms
[21.784s][info][gc] GC(744) Pause Young (Allocation Failure) 9M->5M(15M) 0.286ms
[21.787s][info][gc] GC(745) Pause Young (Allocation Failure) 9M->5M(15M) 0.243ms
[21.789s][info][gc] GC(746) Pause Young (Allocation Failure) 9M->5M(15M) 0.288ms
[21.790s][info][gc] GC(747) Pause Young (Allocation Failure) 9M->5M(15M) 0.316ms
[21.792s][info][gc] GC(748) Pause Young (Allocation Failure) 9M->5M(15M) 0.224ms
[21.794s][info][gc] GC(749) Pause Young (Allocation Failure) 9M->5M(15M) 0.413ms
[21.796s][info][gc] GC(750) Pause Young (Allocation Failure) 9M->5M(15M) 0.293ms
[21.798s][info][gc] GC(751) Pause Young (Allocation Failure) 9M->5M(15M) 0.515ms
[21.801s][info][gc] GC(752) Pause Young (Allocation Failure) 9M->5M(15M) 0.299ms
[21.803s][info][gc] GC(753) Pause Young (Allocation Failure) 9M->5M(15M) 0.546ms
[21.806s][info][gc] GC(754) Pause Young (Allocation Failure) 9M->5M(15M) 0.361ms
[21.808s][info][gc] GC(755) Pause Young (Allocation Failure) 9M->5M(15M) 0.294ms
[21.810s][info][gc] GC(756) Pause Young (Allocation Failure) 9M->5M(15M) 0.264ms
[21.812s][info][gc] GC(757) Pause Young (Allocation Failure) 9M->5M(15M) 0.516ms
[21.814s][info][gc] GC(758) Pause Young (Allocation Failure) 9M->5M(15M) 0.438ms
[21.817s][info][gc] GC(759) Pause Young (Allocation Failure) 9M->5M(15M) 0.446ms
[21.819s][info][gc] GC(760) Pause Young (Allocation Failure) 9M->5M(15M) 0.519ms
[21.821s][info][gc] GC(761) Pause Young (Allocation Failure) 9M->5M(15M) 0.398ms
[21.824s][info][gc] GC(762) Pause Young (Allocation Failure) 9M->5M(15M) 0.338ms
[21.826s][info][gc] GC(763) Pause Young (Allocation Failure) 9M->5M(15M) 0.316ms
[21.828s][info][gc] GC(764) Pause Young (Allocation Failure) 9M->5M(15M) 0.429ms
[21.830s][info][gc] GC(765) Pause Young (Allocation Failure) 9M->5M(15M) 0.222ms
[21.832s][info][gc] GC(766) Pause Young (Allocation Failure) 9M->5M(15M) 0.303ms
[21.835s][info][gc] GC(767) Pause Young (Allocation Failure) 9M->5M(15M) 0.271ms
[21.837s][info][gc] GC(768) Pause Young (Allocation Failure) 9M->5M(15M) 0.371ms
[21.839s][info][gc] GC(769) Pause Young (Allocation Failure) 9M->5M(15M) 0.349ms
[21.842s][info][gc] GC(770) Pause Young (Allocation Failure) 9M->5M(15M) 0.293ms
[21.844s][info][gc] GC(771) Pause Young (Allocation Failure) 9M->5M(15M) 0.290ms
[21.846s][info][gc] GC(772) Pause Young (Allocation Failure) 9M->5M(15M) 0.361ms
[21.847s][info][gc] GC(773) Pause Young (Allocation Failure) 9M->5M(15M) 0.279ms
[21.850s][info][gc] GC(774) Pause Young (Allocation Failure) 9M->5M(15M) 0.397ms
[21.852s][info][gc] GC(775) Pause Young (Allocation Failure) 9M->5M(15M) 0.308ms
[21.855s][info][gc] GC(776) Pause Young (Allocation Failure) 9M->5M(15M) 0.407ms
[21.857s][info][gc] GC(777) Pause Young (Allocation Failure) 9M->5M(15M) 0.249ms
[21.860s][info][gc] GC(778) Pause Young (Allocation Failure) 9M->5M(15M) 0.295ms
[21.862s][info][gc] GC(779) Pause Young (Allocation Failure) 9M->5M(15M) 0.396ms
[21.864s][info][gc] GC(780) Pause Young (Allocation Failure) 9M->5M(15M) 0.200ms
[21.867s][info][gc] GC(781) Pause Young (Allocation Failure) 9M->5M(15M) 0.244ms
[21.869s][info][gc] GC(782) Pause Young (Allocation Failure) 9M->5M(15M) 0.239ms
[21.871s][info][gc] GC(783) Pause Young (Allocation Failure) 9M->5M(15M) 0.234ms
[21.873s][info][gc] GC(784) Pause Young (Allocation Failure) 9M->5M(15M) 0.373ms
[21.875s][info][gc] GC(785) Pause Young (Allocation Failure) 9M->5M(15M) 0.362ms
[21.877s][info][gc] GC(786) Pause Young (Allocation Failure) 9M->5M(15M) 0.158ms
[21.879s][info][gc] GC(787) Pause Young (Allocation Failure) 9M->5M(15M) 0.219ms
[21.881s][info][gc] GC(788) Pause Young (Allocation Failure) 9M->5M(15M) 0.418ms
[21.884s][info][gc] GC(789) Pause Young (Allocation Failure) 9M->5M(15M) 0.391ms
[21.886s][info][gc] GC(790) Pause Young (Allocation Failure) 9M->5M(15M) 0.436ms
[21.889s][info][gc] GC(791) Pause Young (Allocation Failure) 9M->5M(15M) 0.386ms
[21.891s][info][gc] GC(792) Pause Young (Allocation Failure) 9M->5M(15M) 0.355ms
[21.893s][info][gc] GC(793) Pause Young (Allocation Failure) 9M->5M(15M) 0.342ms
[21.895s][info][gc] GC(794) Pause Young (Allocation Failure) 9M->5M(15M) 0.341ms
[21.897s][info][gc] GC(795) Pause Young (Allocation Failure) 9M->5M(15M) 0.237ms
[21.899s][info][gc] GC(796) Pause Young (Allocation Failure) 9M->5M(15M) 0.439ms
[21.902s][info][gc] GC(797) Pause Young (Allocation Failure) 9M->5M(15M) 0.337ms
[21.904s][info][gc] GC(798) Pause Young (Allocation Failure) 9M->5M(15M) 0.237ms
[21.906s][info][gc] GC(799) Pause Young (Allocation Failure) 9M->5M(15M) 0.360ms
[21.909s][info][gc] GC(800) Pause Young (Allocation Failure) 9M->5M(15M) 0.387ms
[21.911s][info][gc] GC(801) Pause Young (Allocation Failure) 9M->5M(15M) 0.250ms
[21.913s][info][gc] GC(802) Pause Young (Allocation Failure) 9M->5M(15M) 0.453ms
[21.915s][info][gc] GC(803) Pause Young (Allocation Failure) 9M->5M(15M) 0.357ms
[21.917s][info][gc] GC(804) Pause Young (Allocation Failure) 9M->5M(15M) 0.409ms
[31.913s][info][gc] GC(805) Pause Young (Allocation Failure) 9M->5M(15M) 0.810ms
